{"synthetic": false,
 "schemaVersion": "2025-09-10",
 "outputs":
 {"o": ["4a2aa583be72b5ee.olean"],
  "m": false,
  "i": "7ed2c80fc4492b7f.ilean",
  "c": "f956d690cbd72b24.c"},
 "log":
 [{"message":
   ".> LEAN_PATH=/private/tmp/leo-ed-haskell-redownload/.lake/packages/Cli/.lake/build/lib/lean:/private/tmp/leo-ed-haskell-redownload/.lake/packages/batteries/.lake/build/lib/lean:/private/tmp/leo-ed-haskell-redownload/.lake/packages/Qq/.lake/build/lib/lean:/private/tmp/leo-ed-haskell-redownload/.lake/packages/aesop/.lake/build/lib/lean:/private/tmp/leo-ed-haskell-redownload/.lake/packages/proofwidgets/.lake/build/lib/lean:/private/tmp/leo-ed-haskell-redownload/.lake/packages/importGraph/.lake/build/lib/lean:/private/tmp/leo-ed-haskell-redownload/.lake/packages/LeanSearchClient/.lake/build/lib/lean:/private/tmp/leo-ed-haskell-redownload/.lake/packages/plausible/.lake/build/lib/lean:/private/tmp/leo-ed-haskell-redownload/.lake/packages/mathlib/.lake/build/lib/lean:/private/tmp/leo-ed-haskell-redownload/.lake/build/lib/lean /Users/leojiang/.elan/toolchains/leanprover--lean4---v4.30.0-rc2/bin/lean /private/tmp/leo-ed-haskell-redownload/Tri/Pick.lean -o /private/tmp/leo-ed-haskell-redownload/.lake/build/lib/lean/Tri/Pick.olean -i /private/tmp/leo-ed-haskell-redownload/.lake/build/lib/lean/Tri/Pick.ilean -c /private/tmp/leo-ed-haskell-redownload/.lake/build/ir/Tri/Pick.c --setup /private/tmp/leo-ed-haskell-redownload/.lake/build/ir/Tri/Pick.setup.json --json",
   "level": "trace"}],
 "inputs":
 [["Tri.Pick:deps",
   [["deps",
     [["tri/Tri:extraDep", [["@tri:extraDep", "00000000000006bb"]]],
      ["imports",
       [["Mathlib transitive imports (legacy)", "f21e39b57cad6e31"],
        ["Mathlib:importAllArts", "9bd99549e96aaeb9"]]]]],
    ["libs",
     [["import dynlibs", "00000000000006bb"],
      ["package external libraries", "00000000000006bb"],
      ["module dynlibs", "00000000000006bb"],
      ["module plugins", "00000000000006bb"]]]]],
  ["Lean 4.30.0, commit 3dc1a088b6d2d8eafe25a7cd7ec7b58d731bd7cc",
   "2c8d2623007dfc36"],
  ["/private/tmp/leo-ed-haskell-redownload/Tri/Pick.lean", "d923d19410c34d05"],
  ["options", "00000000000006bb"],
  ["isModule: false", "feefd2a0d3a1847e"],
  ["Module.name: Tri.Pick", "b21dfae300346e4e"],
  ["Package.id?: (some tri)", "f1cfc5b96452a6ad"],
  ["Module.leanArgs: #[]", "00000000000006bb"]],
 "depHash": "e53b95f9580ee232"}